<html>
<body>
<pre>
<h1>µVision Build Log</h1>
<h2>Tool Versions:</h2>
IDE-Version: ¦ÌVision V5.14.0.0
Copyright (C) 2015 ARM Ltd and ARM Germany GmbH. All rights reserved.
License Information: zc think, Microsoft, LIC=3UUDY-IDUNZ-QGB7I-TN0T3-4XURD-EGUKZ
 
Tool Versions:
Toolchain:       MDK-ARM Professional  Version: 5.14.0.0
Toolchain Path:  C:\Keil_v5\ARM\ARMCC\Bin
C Compiler:      Armcc.exe V5.05 update 1 (build 106)
Assembler:       Armasm.exe V5.05 update 1 (build 106)
Linker/Locator:  ArmLink.exe V5.05 update 1 (build 106)
Library Manager: ArmAr.exe V5.05 update 1 (build 106)
Hex Converter:   FromElf.exe V5.05 update 1 (build 106)
CPU DLL:         SARMCM3.DLL V5.14.0.0
Dialog DLL:      DARMSTM.DLL V1.65.0.0
Target DLL:      Segger\JL2CM3.dll V2.99.13.0
Dialog DLL:      TARMSTM.DLL V1.64.0.0
 
<h2>Project:</h2>
C:\Users\Administrator\Desktop\Ñø»¤Ïä1213\Project\RVMDK£¨uv4£©\iSO-STM32.uvproj
Project File Date:  07/01/2016

<h2>Output:</h2>
Rebuild target 'MaintainBox'
assembling startup_stm32f10x_hd.s...
compiling core_cm3.c...
compiling system_stm32f10x.c...
compiling misc.c...
compiling stm32f10x_adc.c...
compiling stm32f10x_bkp.c...
compiling stm32f10x_can.c...
compiling stm32f10x_cec.c...
compiling stm32f10x_crc.c...
compiling stm32f10x_dac.c...
compiling stm32f10x_dbgmcu.c...
compiling stm32f10x_dma.c...
compiling stm32f10x_exti.c...
compiling stm32f10x_flash.c...
compiling stm32f10x_fsmc.c...
compiling stm32f10x_gpio.c...
compiling stm32f10x_i2c.c...
compiling stm32f10x_iwdg.c...
compiling stm32f10x_pwr.c...
compiling stm32f10x_rcc.c...
compiling stm32f10x_rtc.c...
compiling stm32f10x_sdio.c...
compiling stm32f10x_spi.c...
compiling stm32f10x_tim.c...
compiling stm32f10x_usart.c...
compiling stm32f10x_wwdg.c...
compiling main.c...
compiling stm32f10x_it.c...
compiling bsp_SysTick.c...
compiling bsp_input.c...
compiling bsp_usart1.c...
compiling SPI.C...
compiling bsp_exti.c...
compiling bsp_net.c...
compiling delay.c...
..\..\User\hc595\delay.c(33): warning:  #177-D: function "TIM5_S_CALC" was declared but never referenced
  static void TIM5_S_CALC(uint32_t s)  
..\..\User\hc595\delay.c: 1 warning, 0 errors
compiling hc595.c...
compiling io_output.c...
compiling wdg.c...
compiling i2c_ee_dma.c...
compiling bsp_dht11.c...
compiling timer3.c...
compiling psock.c...
..\..\Libraries\uIP-1.0\uip\psock.c(189): warning:  #513-D: a value of type "const char *" cannot be assigned to an entity of type "const u8_t *"
    s->sendptr = buf;
..\..\Libraries\uIP-1.0\uip\psock.c(180): warning:  #550-D: variable "PT_YIELD_FLAG" was set but never used
    PT_BEGIN(&s->psockpt);
..\..\Libraries\uIP-1.0\uip\psock.c(219): warning:  #550-D: variable "PT_YIELD_FLAG" was set but never used
    PT_BEGIN(&s->psockpt);
..\..\Libraries\uIP-1.0\uip\psock.c(277): warning:  #167-D: argument of type "char *" is incompatible with parameter of type "u8_t *"
    buf_setup(&psock->buf, psock->bufptr, psock->bufsize);
..\..\Libraries\uIP-1.0\uip\psock.c(275): warning:  #550-D: variable "PT_YIELD_FLAG" was set but never used
    PT_BEGIN(&psock->psockpt);
..\..\Libraries\uIP-1.0\uip\psock.c(304): warning:  #167-D: argument of type "char *" is incompatible with parameter of type "u8_t *"
    buf_setup(&psock->buf, psock->bufptr, psock->bufsize);
..\..\Libraries\uIP-1.0\uip\psock.c(302): warning:  #550-D: variable "PT_YIELD_FLAG" was set but never used
    PT_BEGIN(&psock->psockpt);
..\..\Libraries\uIP-1.0\uip\psock.c(335): warning:  #167-D: argument of type "char *" is incompatible with parameter of type "u8_t *"
    buf_setup(&psock->buf, buffer, buffersize);
..\..\Libraries\uIP-1.0\uip\psock.c: 8 warnings, 0 errors
compiling uip.c...
..\..\Libraries\uIP-1.0\uip\uip.c(819): warning:  #223-D: function "myudp_appcall" declared implicitly
        UIP_UDP_APPCALL();
..\..\Libraries\uIP-1.0\uip\uip.c(1152): warning:  #223-D: function "myudp_appcall" declared implicitly
    UIP_UDP_APPCALL();
..\..\Libraries\uIP-1.0\uip\uip.c: 2 warnings, 0 errors
compiling uip_arp.c...
compiling uip-fw.c...
compiling uiplib.c...
compiling uip-neighbor.c...
compiling uip-split.c...
compiling tcp_demo.c...
compiling udp_demo.c...
compiling emc28j60_uip.c...
compiling ENC28J60.C...
linking...
Program Size: Code=32150 RO-data=354 RW-data=280 ZI-data=9720  
FromELF: creating hex file...
"..\..\Output\MaintainBox.axf" - 0 Error(s), 11 Warning(s).
</pre>
</body>
</html>
